// Jest Snapshot v1, https://goo.gl/fbAQLP

exports[`<Img /> should match the snapshot 1`] = `
.c0 {
  height: 24px;
  width: 24px;
  margin-right: 0;
}

<img
  alt="test"
  className="c0"
  src="https://via.placeholder.com/150"
/>
`;
